Archive member included to satisfy reference by file (symbol)

c:/program files/stmicroelectronics/stm32cubeide_1.11.0/stm32cubeide/plugins/com.st.stm32cube.ide.mcu.externaltools.gnu-tools-for-stm32.10.3-2021.10.win32_1.0.100.202210260954/tools/bin/../lib/gcc/arm-none-eabi/10.3.1/../../../../arm-none-eabi/lib/thumb/v7e-m+fp/hard\libc_nano.a(lib_a-errno.o)
                              ./Core/Src/syscalls.o (__errno)
c:/program files/stmicroelectronics/stm32cubeide_1.11.0/stm32cubeide/plugins/com.st.stm32cube.ide.mcu.externaltools.gnu-tools-for-stm32.10.3-2021.10.win32_1.0.100.202210260954/tools/bin/../lib/gcc/arm-none-eabi/10.3.1/../../../../arm-none-eabi/lib/thumb/v7e-m+fp/hard\libc_nano.a(lib_a-exit.o)
                              c:/program files/stmicroelectronics/stm32cubeide_1.11.0/stm32cubeide/plugins/com.st.stm32cube.ide.mcu.externaltools.gnu-tools-for-stm32.10.3-2021.10.win32_1.0.100.202210260954/tools/bin/../lib/gcc/arm-none-eabi/10.3.1/../../../../arm-none-eabi/lib/thumb/v7e-m+fp/hard/crt0.o (exit)
c:/program files/stmicroelectronics/stm32cubeide_1.11.0/stm32cubeide/plugins/com.st.stm32cube.ide.mcu.externaltools.gnu-tools-for-stm32.10.3-2021.10.win32_1.0.100.202210260954/tools/bin/../lib/gcc/arm-none-eabi/10.3.1/../../../../arm-none-eabi/lib/thumb/v7e-m+fp/hard\libc_nano.a(lib_a-impure.o)
                              c:/program files/stmicroelectronics/stm32cubeide_1.11.0/stm32cubeide/plugins/com.st.stm32cube.ide.mcu.externaltools.gnu-tools-for-stm32.10.3-2021.10.win32_1.0.100.202210260954/tools/bin/../lib/gcc/arm-none-eabi/10.3.1/../../../../arm-none-eabi/lib/thumb/v7e-m+fp/hard\libc_nano.a(lib_a-exit.o) (_global_impure_ptr)
c:/program files/stmicroelectronics/stm32cubeide_1.11.0/stm32cubeide/plugins/com.st.stm32cube.ide.mcu.externaltools.gnu-tools-for-stm32.10.3-2021.10.win32_1.0.100.202210260954/tools/bin/../lib/gcc/arm-none-eabi/10.3.1/../../../../arm-none-eabi/lib/thumb/v7e-m+fp/hard\libc_nano.a(lib_a-init.o)
                              c:/program files/stmicroelectronics/stm32cubeide_1.11.0/stm32cubeide/plugins/com.st.stm32cube.ide.mcu.externaltools.gnu-tools-for-stm32.10.3-2021.10.win32_1.0.100.202210260954/tools/bin/../lib/gcc/arm-none-eabi/10.3.1/../../../../arm-none-eabi/lib/thumb/v7e-m+fp/hard/crt0.o (__libc_init_array)
c:/program files/stmicroelectronics/stm32cubeide_1.11.0/stm32cubeide/plugins/com.st.stm32cube.ide.mcu.externaltools.gnu-tools-for-stm32.10.3-2021.10.win32_1.0.100.202210260954/tools/bin/../lib/gcc/arm-none-eabi/10.3.1/../../../../arm-none-eabi/lib/thumb/v7e-m+fp/hard\libc_nano.a(lib_a-memset.o)
                              c:/program files/stmicroelectronics/stm32cubeide_1.11.0/stm32cubeide/plugins/com.st.stm32cube.ide.mcu.externaltools.gnu-tools-for-stm32.10.3-2021.10.win32_1.0.100.202210260954/tools/bin/../lib/gcc/arm-none-eabi/10.3.1/../../../../arm-none-eabi/lib/thumb/v7e-m+fp/hard/crt0.o (memset)
c:/program files/stmicroelectronics/stm32cubeide_1.11.0/stm32cubeide/plugins/com.st.stm32cube.ide.mcu.externaltools.gnu-tools-for-stm32.10.3-2021.10.win32_1.0.100.202210260954/tools/bin/../lib/gcc/arm-none-eabi/10.3.1/thumb/v7e-m+fp/hard\libgcc.a(_arm_addsubdf3.o)
                              ./Core/Src/MDL_dispenser.o (__aeabi_i2d)
c:/program files/stmicroelectronics/stm32cubeide_1.11.0/stm32cubeide/plugins/com.st.stm32cube.ide.mcu.externaltools.gnu-tools-for-stm32.10.3-2021.10.win32_1.0.100.202210260954/tools/bin/../lib/gcc/arm-none-eabi/10.3.1/thumb/v7e-m+fp/hard\libgcc.a(_arm_muldivdf3.o)
                              ./Core/Src/MDL_dispenser.o (__aeabi_ddiv)
c:/program files/stmicroelectronics/stm32cubeide_1.11.0/stm32cubeide/plugins/com.st.stm32cube.ide.mcu.externaltools.gnu-tools-for-stm32.10.3-2021.10.win32_1.0.100.202210260954/tools/bin/../lib/gcc/arm-none-eabi/10.3.1/thumb/v7e-m+fp/hard\libgcc.a(_arm_fixunsdfsi.o)
                              ./Core/Src/MDL_dispenser.o (__aeabi_d2uiz)
c:/program files/stmicroelectronics/stm32cubeide_1.11.0/stm32cubeide/plugins/com.st.stm32cube.ide.mcu.externaltools.gnu-tools-for-stm32.10.3-2021.10.win32_1.0.100.202210260954/tools/bin/../lib/gcc/arm-none-eabi/10.3.1/thumb/v7e-m+fp/hard\libgcc.a(_aeabi_uldivmod.o)
                              ./Drivers/STM32F4xx_HAL_Driver/Src/stm32f4xx_hal_rcc.o (__aeabi_uldivmod)
c:/program files/stmicroelectronics/stm32cubeide_1.11.0/stm32cubeide/plugins/com.st.stm32cube.ide.mcu.externaltools.gnu-tools-for-stm32.10.3-2021.10.win32_1.0.100.202210260954/tools/bin/../lib/gcc/arm-none-eabi/10.3.1/thumb/v7e-m+fp/hard\libgcc.a(_udivmoddi4.o)
                              c:/program files/stmicroelectronics/stm32cubeide_1.11.0/stm32cubeide/plugins/com.st.stm32cube.ide.mcu.externaltools.gnu-tools-for-stm32.10.3-2021.10.win32_1.0.100.202210260954/tools/bin/../lib/gcc/arm-none-eabi/10.3.1/thumb/v7e-m+fp/hard\libgcc.a(_aeabi_uldivmod.o) (__udivmoddi4)
[...]
Memory Configuration

Name             Origin             Length             Attributes
CCMRAM           0x0000000010000000 0x0000000000010000 xrw
RAM              0x0000000020000000 0x0000000000030000 xrw
FLASH            0x0000000008000000 0x0000000000200000 xr
*default*        0x0000000000000000 0xffffffffffffffff

Linker script and memory map

LOAD c:/program files/stmicroelectronics/stm32cubeide_1.11.0/stm32cubeide/plugins/com.st.stm32cube.ide.mcu.externaltools.gnu-tools-for-stm32.10.3-2021.10.win32_1.0.100.202210260954/tools/bin/../lib/gcc/arm-none-eabi/10.3.1/thumb/v7e-m+fp/hard/crti.o
LOAD c:/program files/stmicroelectronics/stm32cubeide_1.11.0/stm32cubeide/plugins/com.st.stm32cube.ide.mcu.externaltools.gnu-tools-for-stm32.10.3-2021.10.win32_1.0.100.202210260954/tools/bin/../lib/gcc/arm-none-eabi/10.3.1/thumb/v7e-m+fp/hard/crtbegin.o
LOAD c:/program files/stmicroelectronics/stm32cubeide_1.11.0/stm32cubeide/plugins/com.st.stm32cube.ide.mcu.externaltools.gnu-tools-for-stm32.10.3-2021.10.win32_1.0.100.202210260954/tools/bin/../lib/gcc/arm-none-eabi/10.3.1/../../../../arm-none-eabi/lib/thumb/v7e-m+fp/hard/crt0.o
LOAD ./Core/Src/MDL_buttons.o
LOAD ./Core/Src/MDL_dispenser.o
LOAD ./Core/Src/gpio.o
LOAD ./Core/Src/main.o
LOAD ./Core/Src/stm32f4xx_hal_msp.o
LOAD ./Core/Src/stm32f4xx_it.o
LOAD ./Core/Src/syscalls.o
LOAD ./Core/Src/sysmem.o
LOAD ./Core/Src/system_stm32f4xx.o
LOAD ./Core/Startup/startup_stm32f429zitx.o
LOAD ./Drivers/STM32F4xx_HAL_Driver/Src/stm32f4xx_hal.o
LOAD ./Drivers/STM32F4xx_HAL_Driver/Src/stm32f4xx_hal_cortex.o
LOAD ./Drivers/STM32F4xx_HAL_Driver/Src/stm32f4xx_hal_dma.o
LOAD ./Drivers/STM32F4xx_HAL_Driver/Src/stm32f4xx_hal_dma_ex.o
LOAD ./Drivers/STM32F4xx_HAL_Driver/Src/stm32f4xx_hal_exti.o
LOAD ./Drivers/STM32F4xx_HAL_Driver/Src/stm32f4xx_hal_flash.o
LOAD ./Drivers/STM32F4xx_HAL_Driver/Src/stm32f4xx_hal_flash_ex.o
LOAD ./Drivers/STM32F4xx_HAL_Driver/Src/stm32f4xx_hal_flash_ramfunc.o
LOAD ./Drivers/STM32F4xx_HAL_Driver/Src/stm32f4xx_hal_gpio.o
LOAD ./Drivers/STM32F4xx_HAL_Driver/Src/stm32f4xx_hal_pwr.o
LOAD ./Drivers/STM32F4xx_HAL_Driver/Src/stm32f4xx_hal_pwr_ex.o
LOAD ./Drivers/STM32F4xx_HAL_Driver/Src/stm32f4xx_hal_rcc.o
LOAD ./Drivers/STM32F4xx_HAL_Driver/Src/stm32f4xx_hal_rcc_ex.o
START GROUP
LOAD c:/program files/stmicroelectronics/stm32cubeide_1.11.0/stm32cubeide/plugins/com.st.stm32cube.ide.mcu.externaltools.gnu-tools-for-stm32.10.3-2021.10.win32_1.0.100.202210260954/tools/bin/../lib/gcc/arm-none-eabi/10.3.1/../../../../arm-none-eabi/lib/thumb/v7e-m+fp/hard\libc_nano.a
LOAD c:/program files/stmicroelectronics/stm32cubeide_1.11.0/stm32cubeide/plugins/com.st.stm32cube.ide.mcu.externaltools.gnu-tools-for-stm32.10.3-2021.10.win32_1.0.100.202210260954/tools/bin/../lib/gcc/arm-none-eabi/10.3.1/../../../../arm-none-eabi/lib/thumb/v7e-m+fp/hard\libm.a
END GROUP
START GROUP
LOAD c:/program files/stmicroelectronics/stm32cubeide_1.11.0/stm32cubeide/plugins/com.st.stm32cube.ide.mcu.externaltools.gnu-tools-for-stm32.10.3-2021.10.win32_1.0.100.202210260954/tools/bin/../lib/gcc/arm-none-eabi/10.3.1/thumb/v7e-m+fp/hard\libgcc.a
LOAD c:/program files/stmicroelectronics/stm32cubeide_1.11.0/stm32cubeide/plugins/com.st.stm32cube.ide.mcu.externaltools.gnu-tools-for-stm32.10.3-2021.10.win32_1.0.100.202210260954/tools/bin/../lib/gcc/arm-none-eabi/10.3.1/../../../../arm-none-eabi/lib/thumb/v7e-m+fp/hard\libc_nano.a
END GROUP
START GROUP
LOAD c:/program files/stmicroelectronics/stm32cubeide_1.11.0/stm32cubeide/plugins/com.st.stm32cube.ide.mcu.externaltools.gnu-tools-for-stm32.10.3-2021.10.win32_1.0.100.202210260954/tools/bin/../lib/gcc/arm-none-eabi/10.3.1/thumb/v7e-m+fp/hard\libgcc.a
LOAD c:/program files/stmicroelectronics/stm32cubeide_1.11.0/stm32cubeide/plugins/com.st.stm32cube.ide.mcu.externaltools.gnu-tools-for-stm32.10.3-2021.10.win32_1.0.100.202210260954/tools/bin/../lib/gcc/arm-none-eabi/10.3.1/../../../../arm-none-eabi/lib/thumb/v7e-m+fp/hard\libc_nano.a
LOAD c:/program files/stmicroelectronics/stm32cubeide_1.11.0/stm32cubeide/plugins/com.st.stm32cube.ide.mcu.externaltools.gnu-tools-for-stm32.10.3-2021.10.win32_1.0.100.202210260954/tools/bin/../lib/gcc/arm-none-eabi/10.3.1/../../../../arm-none-eabi/lib/thumb/v7e-m+fp/hard\libnosys.a
END GROUP
START GROUP
LOAD c:/program files/stmicroelectronics/stm32cubeide_1.11.0/stm32cubeide/plugins/com.st.stm32cube.ide.mcu.externaltools.gnu-tools-for-stm32.10.3-2021.10.win32_1.0.100.202210260954/tools/bin/../lib/gcc/arm-none-eabi/10.3.1/thumb/v7e-m+fp/hard\libgcc.a
LOAD c:/program files/stmicroelectronics/stm32cubeide_1.11.0/stm32cubeide/plugins/com.st.stm32cube.ide.mcu.externaltools.gnu-tools-for-stm32.10.3-2021.10.win32_1.0.100.202210260954/tools/bin/../lib/gcc/arm-none-eabi/10.3.1/../../../../arm-none-eabi/lib/thumb/v7e-m+fp/hard\libc_nano.a
LOAD c:/program files/stmicroelectronics/stm32cubeide_1.11.0/stm32cubeide/plugins/com.st.stm32cube.ide.mcu.externaltools.gnu-tools-for-stm32.10.3-2021.10.win32_1.0.100.202210260954/tools/bin/../lib/gcc/arm-none-eabi/10.3.1/../../../../arm-none-eabi/lib/thumb/v7e-m+fp/hard\libnosys.a
END GROUP
LOAD c:/program files/stmicroelectronics/stm32cubeide_1.11.0/stm32cubeide/plugins/com.st.stm32cube.ide.mcu.externaltools.gnu-tools-for-stm32.10.3-2021.10.win32_1.0.100.202210260954/tools/bin/../lib/gcc/arm-none-eabi/10.3.1/thumb/v7e-m+fp/hard/crtend.o
LOAD c:/program files/stmicroelectronics/stm32cubeide_1.11.0/stm32cubeide/plugins/com.st.stm32cube.ide.mcu.externaltools.gnu-tools-for-stm32.10.3-2021.10.win32_1.0.100.202210260954/tools/bin/../lib/gcc/arm-none-eabi/10.3.1/thumb/v7e-m+fp/hard/crtn.o
                0x0000000020030000                _estack = (ORIGIN (RAM) + LENGTH (RAM))
                0x0000000000000200                _Min_Heap_Size = 0x200
                0x0000000000000400                _Min_Stack_Size = 0x400

.isr_vector     0x0000000008000000      0x1ac
                0x0000000008000000                . = ALIGN (0x4)
 *(.isr_vector)
 .isr_vector    0x0000000008000000      0x1ac ./Core/Startup/startup_stm32f429zitx.o
                0x0000000008000000                g_pfnVectors
                0x00000000080001ac                . = ALIGN (0x4)

.text           0x00000000080001b0     0x1f9c
                0x00000000080001b0                . = ALIGN (0x4)
 *(.text)
 .text          0x00000000080001b0       0x40 c:/program files/stmicroelectronics/stm32cubeide_1.11.0/stm32cubeide/plugins/com.st.stm32cube.ide.mcu.externaltools.gnu-tools-for-stm32.10.3-2021.10.win32_1.0.100.202210260954/tools/bin/../lib/gcc/arm-none-eabi/10.3.1/thumb/v7e-m+fp/hard/crtbegin.o
 .text          0x00000000080001f0      0x378 c:/program files/stmicroelectronics/stm32cubeide_1.11.0/stm32cubeide/plugins/com.st.stm32cube.ide.mcu.externaltools.gnu-tools-for-stm32.10.3-2021.10.win32_1.0.100.202210260954/tools/bin/../lib/gcc/arm-none-eabi/10.3.1/thumb/v7e-m+fp/hard\libgcc.a(_arm_addsubdf3.o)
                0x00000000080001f0                __aeabi_drsub
                0x00000000080001f8                __aeabi_dsub
                0x00000000080001f8                __subdf3
                0x00000000080001fc                __aeabi_dadd
                0x00000000080001fc                __adddf3
                0x0000000008000474                __floatunsidf
                0x0000000008000474                __aeabi_ui2d
                0x0000000008000494                __floatsidf
                0x0000000008000494                __aeabi_i2d
                0x00000000080004b8                __aeabi_f2d
                0x00000000080004b8                __extendsfdf2
                0x00000000080004fc                __floatundidf
                0x00000000080004fc                __aeabi_ul2d
                0x000000000800050c                __floatdidf
                0x000000000800050c                __aeabi_l2d
 .text          0x0000000008000568      0x424 c:/program files/stmicroelectronics/stm32cubeide_1.11.0/stm32cubeide/plugins/com.st.stm32cube.ide.mcu.externaltools.gnu-tools-for-stm32.10.3-2021.10.win32_1.0.100.202210260954/tools/bin/../lib/gcc/arm-none-eabi/10.3.1/thumb/v7e-m+fp/hard\libgcc.a(_arm_muldivdf3.o)
                0x0000000008000568                __aeabi_dmul
                0x0000000008000568                __muldf3
                0x00000000080007bc                __divdf3
                0x00000000080007bc                __aeabi_ddiv
 .text          0x000000000800098c       0x40 c:/program files/stmicroelectronics/stm32cubeide_1.11.0/stm32cubeide/plugins/com.st.stm32cube.ide.mcu.externaltools.gnu-tools-for-stm32.10.3-2021.10.win32_1.0.100.202210260954/tools/bin/../lib/gcc/arm-none-eabi/10.3.1/thumb/v7e-m+fp/hard\libgcc.a(_arm_fixunsdfsi.o)
                0x000000000800098c                __aeabi_d2uiz
                0x000000000800098c                __fixunsdfsi
 .text          0x00000000080009cc       0x30 c:/program files/stmicroelectronics/stm32cubeide_1.11.0/stm32cubeide/plugins/com.st.stm32cube.ide.mcu.externaltools.gnu-tools-for-stm32.10.3-2021.10.win32_1.0.100.202210260954/tools/bin/../lib/gcc/arm-none-eabi/10.3.1/thumb/v7e-m+fp/hard\libgcc.a(_aeabi_uldivmod.o)
                0x00000000080009cc                __aeabi_uldivmod
 .text          0x00000000080009fc      0x2d0 c:/program files/stmicroelectronics/stm32cubeide_1.11.0/stm32cubeide/plugins/com.st.stm32cube.ide.mcu.externaltools.gnu-tools-for-stm32.10.3-2021.10.win32_1.0.100.202210260954/tools/bin/../lib/gcc/arm-none-eabi/10.3.1/thumb/v7e-m+fp/hard\libgcc.a(_udivmoddi4.o)
                0x00000000080009fc                __udivmoddi4
 .text          0x0000000008000ccc        0x4 c:/program files/stmicroelectronics/stm32cubeide_1.11.0/stm32cubeide/plugins/com.st.stm32cube.ide.mcu.externaltools.gnu-tools-for-stm32.10.3-2021.10.win32_1.0.100.202210260954/tools/bin/../lib/gcc/arm-none-eabi/10.3.1/thumb/v7e-m+fp/hard\libgcc.a(_dvmd_tls.o)
                0x0000000008000ccc                __aeabi_idiv0
                0x0000000008000ccc                __aeabi_ldiv0
 *(.text*)
 .text.MDL_buttons_init
                0x0000000008000cd0       0x84 ./Core/Src/MDL_buttons.o
                0x0000000008000cd0                MDL_buttons_init
 .text.BUTTON_CHECK
                0x0000000008000d54      0x104 ./Core/Src/MDL_buttons.o
                0x0000000008000d54                BUTTON_CHECK
 .text.MDL_Buttons_Handler
                0x0000000008000e58       0x28 ./Core/Src/MDL_buttons.o
                0x0000000008000e58                MDL_Buttons_Handler
 .text.MDL_dispenser_init
                0x0000000008000e80       0x28 ./Core/Src/MDL_dispenser.o
                0x0000000008000e80                MDL_dispenser_init
 .text.Dispenser
                0x0000000008000ea8       0x68 ./Core/Src/MDL_dispenser.o
                0x0000000008000ea8                Dispenser
 .text.TociPressed
                0x0000000008000f10       0x20 ./Core/Src/MDL_dispenser.o
                0x0000000008000f10                TociPressed
 .text.MX_GPIO_Init
                0x0000000008000f30       0xa8 ./Core/Src/gpio.o
                0x0000000008000f30                MX_GPIO_Init
 .text.main     0x0000000008000fd8       0x1e ./Core/Src/main.o
                0x0000000008000fd8                main
 *fill*         0x0000000008000ff6        0x2 
 .text.SystemClock_Config
                0x0000000008000ff8       0xc0 ./Core/Src/main.o
                0x0000000008000ff8                SystemClock_Config
 .text.Error_Handler
                0x00000000080010b8        0xa ./Core/Src/main.o
                0x00000000080010b8                Error_Handler
 *fill*         0x00000000080010c2        0x2 
 .text.HAL_MspInit
                0x00000000080010c4       0x50 ./Core/Src/stm32f4xx_hal_msp.o
                0x00000000080010c4                HAL_MspInit
 .text.NMI_Handler
                0x0000000008001114        0x6 ./Core/Src/stm32f4xx_it.o
                0x0000000008001114                NMI_Handler
 .text.HardFault_Handler
                0x000000000800111a        0x6 ./Core/Src/stm32f4xx_it.o
                0x000000000800111a                HardFault_Handler
 .text.MemManage_Handler
                0x0000000008001120        0x6 ./Core/Src/stm32f4xx_it.o
                0x0000000008001120                MemManage_Handler
 .text.BusFault_Handler
                0x0000000008001126        0x6 ./Core/Src/stm32f4xx_it.o
                0x0000000008001126                BusFault_Handler
 .text.UsageFault_Handler
                0x000000000800112c        0x6 ./Core/Src/stm32f4xx_it.o
                0x000000000800112c                UsageFault_Handler
 .text.SVC_Handler
                0x0000000008001132        0xe ./Core/Src/stm32f4xx_it.o
                0x0000000008001132                SVC_Handler
 .text.DebugMon_Handler
                0x0000000008001140        0xe ./Core/Src/stm32f4xx_it.o
                0x0000000008001140                DebugMon_Handler
 .text.PendSV_Handler
                0x000000000800114e        0xe ./Core/Src/stm32f4xx_it.o
                0x000000000800114e                PendSV_Handler
 .text.SysTick_Handler
                0x000000000800115c        0xc ./Core/Src/stm32f4xx_it.o
                0x000000000800115c                SysTick_Handler
 .text.SystemInit
                0x0000000008001168       0x24 ./Core/Src/system_stm32f4xx.o
                0x0000000008001168                SystemInit
 .text.Reset_Handler
                0x000000000800118c       0x50 ./Core/Startup/startup_stm32f429zitx.o
                0x000000000800118c                Reset_Handler
 .text.Default_Handler
                0x00000000080011dc        0x2 ./Core/Startup/startup_stm32f429zitx.o
                0x00000000080011dc                RTC_Alarm_IRQHandler
                0x00000000080011dc                HASH_RNG_IRQHandler
                0x00000000080011dc                EXTI2_IRQHandler
                0x00000000080011dc                TIM8_CC_IRQHandler
                0x00000000080011dc                UART8_IRQHandler
                0x00000000080011dc                SPI4_IRQHandler
                0x00000000080011dc                TIM1_CC_IRQHandler
                0x00000000080011dc                DMA2_Stream5_IRQHandler
                0x00000000080011dc                DMA1_Stream5_IRQHandler
                0x00000000080011dc                PVD_IRQHandler
                0x00000000080011dc                SDIO_IRQHandler
                0x00000000080011dc                TAMP_STAMP_IRQHandler
                0x00000000080011dc                CAN2_RX1_IRQHandler
                0x00000000080011dc                EXTI3_IRQHandler
                0x00000000080011dc                TIM8_TRG_COM_TIM14_IRQHandler
                0x00000000080011dc                TIM1_UP_TIM10_IRQHandler
                0x00000000080011dc                TIM8_UP_TIM13_IRQHandler
                0x00000000080011dc                I2C3_ER_IRQHandler
                0x00000000080011dc                EXTI0_IRQHandler
                0x00000000080011dc                I2C2_EV_IRQHandler
                0x00000000080011dc                DMA1_Stream2_IRQHandler
                0x00000000080011dc                CAN1_RX0_IRQHandler
                0x00000000080011dc                FPU_IRQHandler
                0x00000000080011dc                OTG_HS_WKUP_IRQHandler
                0x00000000080011dc                LTDC_ER_IRQHandler
                0x00000000080011dc                CAN2_SCE_IRQHandler
                0x00000000080011dc                DMA2_Stream2_IRQHandler
                0x00000000080011dc                SPI1_IRQHandler
                0x00000000080011dc                TIM6_DAC_IRQHandler
                0x00000000080011dc                TIM1_BRK_TIM9_IRQHandler
                0x00000000080011dc                DCMI_IRQHandler
                0x00000000080011dc                CAN2_RX0_IRQHandler
                0x00000000080011dc                DMA2_Stream3_IRQHandler
                0x00000000080011dc                USART6_IRQHandler
                0x00000000080011dc                USART3_IRQHandler
                0x00000000080011dc                CAN1_RX1_IRQHandler
                0x00000000080011dc                UART5_IRQHandler
                0x00000000080011dc                DMA2_Stream0_IRQHandler
                0x00000000080011dc                TIM4_IRQHandler
                0x00000000080011dc                I2C1_EV_IRQHandler
                0x00000000080011dc                DMA1_Stream6_IRQHandler
                0x00000000080011dc                DMA1_Stream1_IRQHandler
                0x00000000080011dc                UART4_IRQHandler
                0x00000000080011dc                TIM3_IRQHandler
                0x00000000080011dc                RCC_IRQHandler
                0x00000000080011dc                TIM8_BRK_TIM12_IRQHandler
                0x00000000080011dc                Default_Handler
                0x00000000080011dc                EXTI15_10_IRQHandler
                0x00000000080011dc                ADC_IRQHandler
                0x00000000080011dc                DMA1_Stream7_IRQHandler
                0x00000000080011dc                SPI5_IRQHandler
                0x00000000080011dc                TIM7_IRQHandler
                0x00000000080011dc                CAN2_TX_IRQHandler
                0x00000000080011dc                TIM5_IRQHandler
                0x00000000080011dc                DMA2_Stream7_IRQHandler
                0x00000000080011dc                I2C3_EV_IRQHandler
                0x00000000080011dc                EXTI9_5_IRQHandler
                0x00000000080011dc                RTC_WKUP_IRQHandler
                0x00000000080011dc                LTDC_IRQHandler
                0x00000000080011dc                ETH_WKUP_IRQHandler
                0x00000000080011dc                SPI2_IRQHandler
                0x00000000080011dc                OTG_HS_EP1_IN_IRQHandler
                0x00000000080011dc                DMA1_Stream0_IRQHandler
                0x00000000080011dc                CAN1_TX_IRQHandler
                0x00000000080011dc                EXTI4_IRQHandler
                0x00000000080011dc                ETH_IRQHandler
                0x00000000080011dc                OTG_HS_EP1_OUT_IRQHandler
                0x00000000080011dc                WWDG_IRQHandler
                0x00000000080011dc                SPI6_IRQHandler
                0x00000000080011dc                TIM2_IRQHandler
                0x00000000080011dc                OTG_FS_WKUP_IRQHandler
                0x00000000080011dc                TIM1_TRG_COM_TIM11_IRQHandler
                0x00000000080011dc                OTG_HS_IRQHandler
                0x00000000080011dc                DMA2D_IRQHandler
                0x00000000080011dc                EXTI1_IRQHandler
                0x00000000080011dc                UART7_IRQHandler
                0x00000000080011dc                USART2_IRQHandler
                0x00000000080011dc                I2C2_ER_IRQHandler
                0x00000000080011dc                DMA2_Stream1_IRQHandler
                0x00000000080011dc                CAN1_SCE_IRQHandler
                0x00000000080011dc                FLASH_IRQHandler
                0x00000000080011dc                DMA2_Stream4_IRQHandler
                0x00000000080011dc                USART1_IRQHandler
                0x00000000080011dc                OTG_FS_IRQHandler
                0x00000000080011dc                SPI3_IRQHandler
                0x00000000080011dc                DMA1_Stream4_IRQHandler
                0x00000000080011dc                I2C1_ER_IRQHandler
                0x00000000080011dc                FMC_IRQHandler
                0x00000000080011dc                DMA2_Stream6_IRQHandler
                0x00000000080011dc                SAI1_IRQHandler
                0x00000000080011dc                DMA1_Stream3_IRQHandler
 *fill*         0x00000000080011de        0x2 
 .text.HAL_Init
                0x00000000080011e0       0x44 ./Drivers/STM32F4xx_HAL_Driver/Src/stm32f4xx_hal.o
                0x00000000080011e0                HAL_Init
 .text.HAL_InitTick
                0x0000000008001224       0x60 ./Drivers/STM32F4xx_HAL_Driver/Src/stm32f4xx_hal.o
                0x0000000008001224                HAL_InitTick
 .text.HAL_IncTick
                0x0000000008001284       0x28 ./Drivers/STM32F4xx_HAL_Driver/Src/stm32f4xx_hal.o
                0x0000000008001284                HAL_IncTick
 .text.HAL_GetTick
                0x00000000080012ac       0x18 ./Drivers/STM32F4xx_HAL_Driver/Src/stm32f4xx_hal.o
                0x00000000080012ac                HAL_GetTick
 .text.HAL_Delay
                0x00000000080012c4       0x48 ./Drivers/STM32F4xx_HAL_Driver/Src/stm32f4xx_hal.o
                0x00000000080012c4                HAL_Delay
 .text.__NVIC_SetPriorityGrouping
                0x000000000800130c       0x48 ./Drivers/STM32F4xx_HAL_Driver/Src/stm32f4xx_hal_cortex.o
 .text.__NVIC_GetPriorityGrouping
                0x0000000008001354       0x1c ./Drivers/STM32F4xx_HAL_Driver/Src/stm32f4xx_hal_cortex.o
 .text.__NVIC_SetPriority
                0x0000000008001370       0x54 ./Drivers/STM32F4xx_HAL_Driver/Src/stm32f4xx_hal_cortex.o
 .text.NVIC_EncodePriority
                0x00000000080013c4       0x66 ./Drivers/STM32F4xx_HAL_Driver/Src/stm32f4xx_hal_cortex.o
 *fill*         0x000000000800142a        0x2 
 .text.SysTick_Config
                0x000000000800142c       0x44 ./Drivers/STM32F4xx_HAL_Driver/Src/stm32f4xx_hal_cortex.o
 .text.HAL_NVIC_SetPriorityGrouping
                0x0000000008001470       0x16 ./Drivers/STM32F4xx_HAL_Driver/Src/stm32f4xx_hal_cortex.o
                0x0000000008001470                HAL_NVIC_SetPriorityGrouping
 .text.HAL_NVIC_SetPriority
                0x0000000008001486       0x38 ./Drivers/STM32F4xx_HAL_Driver/Src/stm32f4xx_hal_cortex.o
                0x0000000008001486                HAL_NVIC_SetPriority
 .text.HAL_SYSTICK_Config
                0x00000000080014be       0x18 ./Drivers/STM32F4xx_HAL_Driver/Src/stm32f4xx_hal_cortex.o
                0x00000000080014be                HAL_SYSTICK_Config
 *fill*         0x00000000080014d6        0x2 
 .text.HAL_GPIO_Init
                0x00000000080014d8      0x358 ./Drivers/STM32F4xx_HAL_Driver/Src/stm32f4xx_hal_gpio.o
                0x00000000080014d8                HAL_GPIO_Init
 .text.HAL_GPIO_ReadPin
                0x0000000008001830       0x30 ./Drivers/STM32F4xx_HAL_Driver/Src/stm32f4xx_hal_gpio.o
                0x0000000008001830                HAL_GPIO_ReadPin
 .text.HAL_GPIO_WritePin
                0x0000000008001860       0x32 ./Drivers/STM32F4xx_HAL_Driver/Src/stm32f4xx_hal_gpio.o
                0x0000000008001860                HAL_GPIO_WritePin
 *fill*         0x0000000008001892        0x2 
 .text.HAL_RCC_OscConfig
                0x0000000008001894      0x4f0 ./Drivers/STM32F4xx_HAL_Driver/Src/stm32f4xx_hal_rcc.o
                0x0000000008001894                HAL_RCC_OscConfig
 .text.HAL_RCC_ClockConfig
                0x0000000008001d84      0x1cc ./Drivers/STM32F4xx_HAL_Driver/Src/stm32f4xx_hal_rcc.o
                0x0000000008001d84                HAL_RCC_ClockConfig
 .text.HAL_RCC_GetSysClockFreq
                0x0000000008001f50      0x18c ./Drivers/STM32F4xx_HAL_Driver/Src/stm32f4xx_hal_rcc.o
                0x0000000008001f50                HAL_RCC_GetSysClockFreq
 .text.__libc_init_array
                0x00000000080020dc       0x48 c:/program files/stmicroelectronics/stm32cubeide_1.11.0/stm32cubeide/plugins/com.st.stm32cube.ide.mcu.externaltools.gnu-tools-for-stm32.10.3-2021.10.win32_1.0.100.202210260954/tools/bin/../lib/gcc/arm-none-eabi/10.3.1/../../../../arm-none-eabi/lib/thumb/v7e-m+fp/hard\libc_nano.a(lib_a-init.o)
                0x00000000080020dc                __libc_init_array
 .text.memset   0x0000000008002124       0x10 c:/program files/stmicroelectronics/stm32cubeide_1.11.0/stm32cubeide/plugins/com.st.stm32cube.ide.mcu.externaltools.gnu-tools-for-stm32.10.3-2021.10.win32_1.0.100.202210260954/tools/bin/../lib/gcc/arm-none-eabi/10.3.1/../../../../arm-none-eabi/lib/thumb/v7e-m+fp/hard\libc_nano.a(lib_a-memset.o)
                0x0000000008002124                memset
 *(.glue_7)
 .glue_7        0x0000000008002134        0x0 linker stubs
 *(.glue_7t)
 .glue_7t       0x0000000008002134        0x0 linker stubs
 *(.eh_frame)
 .eh_frame      0x0000000008002134        0x0 c:/program files/stmicroelectronics/stm32cubeide_1.11.0/stm32cubeide/plugins/com.st.stm32cube.ide.mcu.externaltools.gnu-tools-for-stm32.10.3-2021.10.win32_1.0.100.202210260954/tools/bin/../lib/gcc/arm-none-eabi/10.3.1/thumb/v7e-m+fp/hard/crtbegin.o
 *(.init)
 .init          0x0000000008002134        0x4 c:/program files/stmicroelectronics/stm32cubeide_1.11.0/stm32cubeide/plugins/com.st.stm32cube.ide.mcu.externaltools.gnu-tools-for-stm32.10.3-2021.10.win32_1.0.100.202210260954/tools/bin/../lib/gcc/arm-none-eabi/10.3.1/thumb/v7e-m+fp/hard/crti.o
                0x0000000008002134                _init
 .init          0x0000000008002138        0x8 c:/program files/stmicroelectronics/stm32cubeide_1.11.0/stm32cubeide/plugins/com.st.stm32cube.ide.mcu.externaltools.gnu-tools-for-stm32.10.3-2021.10.win32_1.0.100.202210260954/tools/bin/../lib/gcc/arm-none-eabi/10.3.1/thumb/v7e-m+fp/hard/crtn.o
 *(.fini)
 .fini          0x0000000008002140        0x4 c:/program files/stmicroelectronics/stm32cubeide_1.11.0/stm32cubeide/plugins/com.st.stm32cube.ide.mcu.externaltools.gnu-tools-for-stm32.10.3-2021.10.win32_1.0.100.202210260954/tools/bin/../lib/gcc/arm-none-eabi/10.3.1/thumb/v7e-m+fp/hard/crti.o
                0x0000000008002140                _fini
 .fini          0x0000000008002144        0x8 c:/program files/stmicroelectronics/stm32cubeide_1.11.0/stm32cubeide/plugins/com.st.stm32cube.ide.mcu.externaltools.gnu-tools-for-stm32.10.3-2021.10.win32_1.0.100.202210260954/tools/bin/../lib/gcc/arm-none-eabi/10.3.1/thumb/v7e-m+fp/hard/crtn.o
                0x000000000800214c                . = ALIGN (0x4)
                0x000000000800214c                _etext = .

.vfp11_veneer   0x000000000800214c        0x0
 .vfp11_veneer  0x000000000800214c        0x0 linker stubs

.v4_bx          0x000000000800214c        0x0
 .v4_bx         0x000000000800214c        0x0 linker stubs

.iplt           0x000000000800214c        0x0
 .iplt          0x000000000800214c        0x0 c:/program files/stmicroelectronics/stm32cubeide_1.11.0/stm32cubeide/plugins/com.st.stm32cube.ide.mcu.externaltools.gnu-tools-for-stm32.10.3-2021.10.win32_1.0.100.202210260954/tools/bin/../lib/gcc/arm-none-eabi/10.3.1/thumb/v7e-m+fp/hard/crtbegin.o

.rodata         0x000000000800214c       0x10
                0x000000000800214c                . = ALIGN (0x4)
 *(.rodata)
 *(.rodata*)
 .rodata.AHBPrescTable
                0x000000000800214c       0x10 ./Core/Src/system_stm32f4xx.o
                0x000000000800214c                AHBPrescTable
                0x000000000800215c                . = ALIGN (0x4)

.ARM.extab      0x000000000800215c        0x0
                0x000000000800215c                . = ALIGN (0x4)
 *(.ARM.extab* .gnu.linkonce.armextab.*)
                0x000000000800215c                . = ALIGN (0x4)

.ARM            0x000000000800215c        0x8
                0x000000000800215c                . = ALIGN (0x4)
                0x000000000800215c                __exidx_start = .
 *(.ARM.exidx*)
 .ARM.exidx     0x000000000800215c        0x8 c:/program files/stmicroelectronics/stm32cubeide_1.11.0/stm32cubeide/plugins/com.st.stm32cube.ide.mcu.externaltools.gnu-tools-for-stm32.10.3-2021.10.win32_1.0.100.202210260954/tools/bin/../lib/gcc/arm-none-eabi/10.3.1/thumb/v7e-m+fp/hard\libgcc.a(_udivmoddi4.o)
                0x0000000008002164                __exidx_end = .
                0x0000000008002164                . = ALIGN (0x4)

.rel.dyn        0x0000000008002164        0x0
 .rel.iplt      0x0000000008002164        0x0 c:/program files/stmicroelectronics/stm32cubeide_1.11.0/stm32cubeide/plugins/com.st.stm32cube.ide.mcu.externaltools.gnu-tools-for-stm32.10.3-2021.10.win32_1.0.100.202210260954/tools/bin/../lib/gcc/arm-none-eabi/10.3.1/thumb/v7e-m+fp/hard/crtbegin.o

.preinit_array  0x0000000008002164        0x0
                0x0000000008002164                . = ALIGN (0x4)
                0x0000000008002164                PROVIDE (__preinit_array_start = .)
 *(.preinit_array*)
                0x0000000008002164                PROVIDE (__preinit_array_end = .)
                0x0000000008002164                . = ALIGN (0x4)

.init_array     0x0000000008002164        0x4
                0x0000000008002164                . = ALIGN (0x4)
                0x0000000008002164                PROVIDE (__init_array_start = .)
 *(SORT_BY_NAME(.init_array.*))
 *(.init_array*)
 .init_array    0x0000000008002164        0x4 c:/program files/stmicroelectronics/stm32cubeide_1.11.0/stm32cubeide/plugins/com.st.stm32cube.ide.mcu.externaltools.gnu-tools-for-stm32.10.3-2021.10.win32_1.0.100.202210260954/tools/bin/../lib/gcc/arm-none-eabi/10.3.1/thumb/v7e-m+fp/hard/crtbegin.o
                0x0000000008002168                PROVIDE (__init_array_end = .)
                0x0000000008002168                . = ALIGN (0x4)

.fini_array     0x0000000008002168        0x4
                0x0000000008002168                . = ALIGN (0x4)
                [!provide]                        PROVIDE (__fini_array_start = .)
 *(SORT_BY_NAME(.fini_array.*))
 *(.fini_array*)
 .fini_array    0x0000000008002168        0x4 c:/program files/stmicroelectronics/stm32cubeide_1.11.0/stm32cubeide/plugins/com.st.stm32cube.ide.mcu.externaltools.gnu-tools-for-stm32.10.3-2021.10.win32_1.0.100.202210260954/tools/bin/../lib/gcc/arm-none-eabi/10.3.1/thumb/v7e-m+fp/hard/crtbegin.o
                [!provide]                        PROVIDE (__fini_array_end = .)
                0x000000000800216c                . = ALIGN (0x4)
                0x000000000800216c                _sidata = LOADADDR (.data)

.data           0x0000000020000000       0x10 load address 0x000000000800216c
                0x0000000020000000                . = ALIGN (0x4)
                0x0000000020000000                _sdata = .
 *(.data)
 *(.data*)
 .data.ml_total
                0x0000000020000000        0x2 ./Core/Src/MDL_dispenser.o
                0x0000000020000000                ml_total
 *fill*         0x0000000020000002        0x2 
 .data.SystemCoreClock
                0x0000000020000004        0x4 ./Core/Src/system_stm32f4xx.o
                0x0000000020000004                SystemCoreClock
 .data.uwTickPrio
                0x0000000020000008        0x4 ./Drivers/STM32F4xx_HAL_Driver/Src/stm32f4xx_hal.o
                0x0000000020000008                uwTickPrio
 .data.uwTickFreq
                0x000000002000000c        0x1 ./Drivers/STM32F4xx_HAL_Driver/Src/stm32f4xx_hal.o
                0x000000002000000c                uwTickFreq
 *(.RamFunc)
 *(.RamFunc*)
                0x0000000020000010                . = ALIGN (0x4)
 *fill*         0x000000002000000d        0x3 
                0x0000000020000010                _edata = .
                0x000000000800217c                _siccmram = LOADADDR (.ccmram)

.igot.plt       0x0000000020000010        0x0 load address 0x000000000800217c
 .igot.plt      0x0000000020000010        0x0 c:/program files/stmicroelectronics/stm32cubeide_1.11.0/stm32cubeide/plugins/com.st.stm32cube.ide.mcu.externaltools.gnu-tools-for-stm32.10.3-2021.10.win32_1.0.100.202210260954/tools/bin/../lib/gcc/arm-none-eabi/10.3.1/thumb/v7e-m+fp/hard/crtbegin.o

.ccmram         0x0000000010000000        0x0 load address 0x000000000800217c
                0x0000000010000000                . = ALIGN (0x4)
                0x0000000010000000                _sccmram = .
 *(.ccmram)
 *(.ccmram*)
                0x0000000010000000                . = ALIGN (0x4)
                0x0000000010000000                _eccmram = .
                0x0000000010000000                . = ALIGN (0x4)

.bss            0x0000000020000010       0x68
                0x0000000020000010                _sbss = .
                0x0000000020000010                __bss_start__ = _sbss
 *(.bss)
 .bss           0x0000000020000010       0x1c c:/program files/stmicroelectronics/stm32cubeide_1.11.0/stm32cubeide/plugins/com.st.stm32cube.ide.mcu.externaltools.gnu-tools-for-stm32.10.3-2021.10.win32_1.0.100.202210260954/tools/bin/../lib/gcc/arm-none-eabi/10.3.1/thumb/v7e-m+fp/hard/crtbegin.o
 *(.bss*)
 .bss.buttons_handler
                0x000000002000002c       0x40 ./Core/Src/MDL_buttons.o
                0x000000002000002c                buttons_handler
 .bss.gpio_Dispenser
                0x000000002000006c        0x4 ./Core/Src/MDL_dispenser.o
                0x000000002000006c                gpio_Dispenser
 .bss.pin_Dispenser
                0x0000000020000070        0x2 ./Core/Src/MDL_dispenser.o
                0x0000000020000070                pin_Dispenser
 *fill*         0x0000000020000072        0x2 
 .bss.uwTick    0x0000000020000074        0x4 ./Drivers/STM32F4xx_HAL_Driver/Src/stm32f4xx_hal.o
                0x0000000020000074                uwTick
 *(COMMON)
                0x0000000020000078                . = ALIGN (0x4)
                0x0000000020000078                _ebss = .
                0x0000000020000078                __bss_end__ = _ebss

._user_heap_stack
                0x0000000020000078      0x600
                0x0000000020000078                . = ALIGN (0x8)
                [!provide]                        PROVIDE (end = .)
                0x0000000020000078                PROVIDE (_end = .)
                0x0000000020000278                . = (. + _Min_Heap_Size)
 *fill*         0x0000000020000078      0x200 
                0x0000000020000678                . = (. + _Min_Stack_Size)
 *fill*         0x0000000020000278      0x400 
                0x0000000020000678                . = ALIGN (0x8)

/DISCARD/
 libc.a(*)
 libm.a(*)
 libgcc.a(*)

.ARM.attributes
                0x0000000000000000       0x30
 *(.ARM.attributes)
 .ARM.attributes
                0x0000000000000000       0x1e c:/program files/stmicroelectronics/stm32cubeide_1.11.0/stm32cubeide/plugins/com.st.stm32cube.ide.mcu.externaltools.gnu-tools-for-stm32.10.3-2021.10.win32_1.0.100.202210260954/tools/bin/../lib/gcc/arm-none-eabi/10.3.1/thumb/v7e-m+fp/hard/crti.o
 .ARM.attributes
                0x000000000000001e       0x34 c:/program files/stmicroelectronics/stm32cubeide_1.11.0/stm32cubeide/plugins/com.st.stm32cube.ide.mcu.externaltools.gnu-tools-for-stm32.10.3-2021.10.win32_1.0.100.202210260954/tools/bin/../lib/gcc/arm-none-eabi/10.3.1/thumb/v7e-m+fp/hard/crtbegin.o
 .ARM.attributes
                0x0000000000000052       0x34 ./Core/Src/MDL_buttons.o
 .ARM.attributes
                0x0000000000000086       0x34 ./Core/Src/MDL_dispenser.o
 .ARM.attributes
                0x00000000000000ba       0x34 ./Core/Src/gpio.o
 .ARM.attributes
                0x00000000000000ee       0x34 ./Core/Src/main.o
 .ARM.attributes
                0x0000000000000122       0x34 ./Core/Src/stm32f4xx_hal_msp.o
 .ARM.attributes
                0x0000000000000156       0x34 ./Core/Src/stm32f4xx_it.o
 .ARM.attributes
                0x000000000000018a       0x34 ./Core/Src/system_stm32f4xx.o
 .ARM.attributes
                0x00000000000001be       0x21 ./Core/Startup/startup_stm32f429zitx.o
 .ARM.attributes
                0x00000000000001df       0x34 ./Drivers/STM32F4xx_HAL_Driver/Src/stm32f4xx_hal.o
 .ARM.attributes
                0x0000000000000213       0x34 ./Drivers/STM32F4xx_HAL_Driver/Src/stm32f4xx_hal_cortex.o
 .ARM.attributes
                0x0000000000000247       0x34 ./Drivers/STM32F4xx_HAL_Driver/Src/stm32f4xx_hal_gpio.o
 .ARM.attributes
                0x000000000000027b       0x34 ./Drivers/STM32F4xx_HAL_Driver/Src/stm32f4xx_hal_rcc.o
 .ARM.attributes
                0x00000000000002af       0x34 c:/program files/stmicroelectronics/stm32cubeide_1.11.0/stm32cubeide/plugins/com.st.stm32cube.ide.mcu.externaltools.gnu-tools-for-stm32.10.3-2021.10.win32_1.0.100.202210260954/tools/bin/../lib/gcc/arm-none-eabi/10.3.1/../../../../arm-none-eabi/lib/thumb/v7e-m+fp/hard\libc_nano.a(lib_a-init.o)
 .ARM.attributes
                0x00000000000002e3       0x34 c:/program files/stmicroelectronics/stm32cubeide_1.11.0/stm32cubeide/plugins/com.st.stm32cube.ide.mcu.externaltools.gnu-tools-for-stm32.10.3-2021.10.win32_1.0.100.202210260954/tools/bin/../lib/gcc/arm-none-eabi/10.3.1/../../../../arm-none-eabi/lib/thumb/v7e-m+fp/hard\libc_nano.a(lib_a-memset.o)
 .ARM.attributes
                0x0000000000000317       0x1e c:/program files/stmicroelectronics/stm32cubeide_1.11.0/stm32cubeide/plugins/com.st.stm32cube.ide.mcu.externaltools.gnu-tools-for-stm32.10.3-2021.10.win32_1.0.100.202210260954/tools/bin/../lib/gcc/arm-none-eabi/10.3.1/thumb/v7e-m+fp/hard\libgcc.a(_arm_addsubdf3.o)
 .ARM.attributes
                0x0000000000000335       0x1e c:/program files/stmicroelectronics/stm32cubeide_1.11.0/stm32cubeide/plugins/com.st.stm32cube.ide.mcu.externaltools.gnu-tools-for-stm32.10.3-2021.10.win32_1.0.100.202210260954/tools/bin/../lib/gcc/arm-none-eabi/10.3.1/thumb/v7e-m+fp/hard\libgcc.a(_arm_muldivdf3.o)
 .ARM.attributes
                0x0000000000000353       0x1e c:/program files/stmicroelectronics/stm32cubeide_1.11.0/stm32cubeide/plugins/com.st.stm32cube.ide.mcu.externaltools.gnu-tools-for-stm32.10.3-2021.10.win32_1.0.100.202210260954/tools/bin/../lib/gcc/arm-none-eabi/10.3.1/thumb/v7e-m+fp/hard\libgcc.a(_arm_fixunsdfsi.o)
 .ARM.attributes
                0x0000000000000371       0x1e c:/program files/stmicroelectronics/stm32cubeide_1.11.0/stm32cubeide/plugins/com.st.stm32cube.ide.mcu.externaltools.gnu-tools-for-stm32.10.3-2021.10.win32_1.0.100.202210260954/tools/bin/../lib/gcc/arm-none-eabi/10.3.1/thumb/v7e-m+fp/hard\libgcc.a(_aeabi_uldivmod.o)
 .ARM.attributes
                0x000000000000038f       0x34 c:/program files/stmicroelectronics/stm32cubeide_1.11.0/stm32cubeide/plugins/com.st.stm32cube.ide.mcu.externaltools.gnu-tools-for-stm32.10.3-2021.10.win32_1.0.100.202210260954/tools/bin/../lib/gcc/arm-none-eabi/10.3.1/thumb/v7e-m+fp/hard\libgcc.a(_udivmoddi4.o)
 .ARM.attributes
                0x00000000000003c3       0x1e c:/program files/stmicroelectronics/stm32cubeide_1.11.0/stm32cubeide/plugins/com.st.stm32cube.ide.mcu.externaltools.gnu-tools-for-stm32.10.3-2021.10.win32_1.0.100.202210260954/tools/bin/../lib/gcc/arm-none-eabi/10.3.1/thumb/v7e-m+fp/hard\libgcc.a(_dvmd_tls.o)
 .ARM.attributes
                0x00000000000003e1       0x1e c:/program files/stmicroelectronics/stm32cubeide_1.11.0/stm32cubeide/plugins/com.st.stm32cube.ide.mcu.externaltools.gnu-tools-for-stm32.10.3-2021.10.win32_1.0.100.202210260954/tools/bin/../lib/gcc/arm-none-eabi/10.3.1/thumb/v7e-m+fp/hard/crtn.o
OUTPUT(buttons.elf elf32-littlearm)
LOAD linker stubs
LOAD c:/program files/stmicroelectronics/stm32cubeide_1.11.0/stm32cubeide/plugins/com.st.stm32cube.ide.mcu.externaltools.gnu-tools-for-stm32.10.3-2021.10.win32_1.0.100.202210260954/tools/bin/../lib/gcc/arm-none-eabi/10.3.1/../../../../arm-none-eabi/lib/thumb/v7e-m+fp/hard\libc.a
LOAD c:/program files/stmicroelectronics/stm32cubeide_1.11.0/stm32cubeide/plugins/com.st.stm32cube.ide.mcu.externaltools.gnu-tools-for-stm32.10.3-2021.10.win32_1.0.100.202210260954/tools/bin/../lib/gcc/arm-none-eabi/10.3.1/../../../../arm-none-eabi/lib/thumb/v7e-m+fp/hard\libm.a
LOAD c:/program files/stmicroelectronics/stm32cubeide_1.11.0/stm32cubeide/plugins/com.st.stm32cube.ide.mcu.externaltools.gnu-tools-for-stm32.10.3-2021.10.win32_1.0.100.202210260954/tools/bin/../lib/gcc/arm-none-eabi/10.3.1/thumb/v7e-m+fp/hard\libgcc.a

.debug_info     0x0000000000000000     0x41cf
 .debug_info    0x0000000000000000      0x30d ./Core/Src/MDL_buttons.o
 .debug_info    0x000000000000030d      0x26f ./Core/Src/MDL_dispenser.o
 .debug_info    0x000000000000057c      0x453 ./Core/Src/gpio.o
 .debug_info    0x00000000000009cf      0x56d ./Core/Src/main.o
 .debug_info    0x0000000000000f3c      0x2c4 ./Core/Src/stm32f4xx_hal_msp.o
 .debug_info    0x0000000000001200      0x121 ./Core/Src/stm32f4xx_it.o
 .debug_info    0x0000000000001321      0x53f ./Core/Src/system_stm32f4xx.o
 .debug_info    0x0000000000001860       0x22 ./Core/Startup/startup_stm32f429zitx.o
 .debug_info    0x0000000000001882      0x9f4 ./Drivers/STM32F4xx_HAL_Driver/Src/stm32f4xx_hal.o
 .debug_info    0x0000000000002276      0xe51 ./Drivers/STM32F4xx_HAL_Driver/Src/stm32f4xx_hal_cortex.o
 .debug_info    0x00000000000030c7      0x786 ./Drivers/STM32F4xx_HAL_Driver/Src/stm32f4xx_hal_gpio.o
 .debug_info    0x000000000000384d      0x982 ./Drivers/STM32F4xx_HAL_Driver/Src/stm32f4xx_hal_rcc.o

.debug_abbrev   0x0000000000000000     0x128a
 .debug_abbrev  0x0000000000000000      0x1c2 ./Core/Src/MDL_buttons.o
 .debug_abbrev  0x00000000000001c2      0x173 ./Core/Src/MDL_dispenser.o
 .debug_abbrev  0x0000000000000335      0x146 ./Core/Src/gpio.o
 .debug_abbrev  0x000000000000047b      0x20e ./Core/Src/main.o
 .debug_abbrev  0x0000000000000689       0xd4 ./Core/Src/stm32f4xx_hal_msp.o
 .debug_abbrev  0x000000000000075d       0x74 ./Core/Src/stm32f4xx_it.o
 .debug_abbrev  0x00000000000007d1      0x116 ./Core/Src/system_stm32f4xx.o
 .debug_abbrev  0x00000000000008e7       0x12 ./Core/Startup/startup_stm32f429zitx.o
 .debug_abbrev  0x00000000000008f9      0x20d ./Drivers/STM32F4xx_HAL_Driver/Src/stm32f4xx_hal.o
 .debug_abbrev  0x0000000000000b06      0x316 ./Drivers/STM32F4xx_HAL_Driver/Src/stm32f4xx_hal_cortex.o
 .debug_abbrev  0x0000000000000e1c      0x1c4 ./Drivers/STM32F4xx_HAL_Driver/Src/stm32f4xx_hal_gpio.o
 .debug_abbrev  0x0000000000000fe0      0x2aa ./Drivers/STM32F4xx_HAL_Driver/Src/stm32f4xx_hal_rcc.o

.debug_aranges  0x0000000000000000      0x480
 .debug_aranges
                0x0000000000000000       0x30 ./Core/Src/MDL_buttons.o
 .debug_aranges
                0x0000000000000030       0x38 ./Core/Src/MDL_dispenser.o
 .debug_aranges
                0x0000000000000068       0x20 ./Core/Src/gpio.o
 .debug_aranges
                0x0000000000000088       0x30 ./Core/Src/main.o
 .debug_aranges
                0x00000000000000b8       0x20 ./Core/Src/stm32f4xx_hal_msp.o
 .debug_aranges
                0x00000000000000d8       0x60 ./Core/Src/stm32f4xx_it.o
 .debug_aranges
                0x0000000000000138       0x28 ./Core/Src/system_stm32f4xx.o
 .debug_aranges
                0x0000000000000160       0x28 ./Core/Startup/startup_stm32f429zitx.o
 .debug_aranges
                0x0000000000000188      0x100 ./Drivers/STM32F4xx_HAL_Driver/Src/stm32f4xx_hal.o
 .debug_aranges
                0x0000000000000288      0x118 ./Drivers/STM32F4xx_HAL_Driver/Src/stm32f4xx_hal_cortex.o
 .debug_aranges
                0x00000000000003a0       0x58 ./Drivers/STM32F4xx_HAL_Driver/Src/stm32f4xx_hal_gpio.o
 .debug_aranges
                0x00000000000003f8       0x88 ./Drivers/STM32F4xx_HAL_Driver/Src/stm32f4xx_hal_rcc.o

.debug_ranges   0x0000000000000000      0x3c8
 .debug_ranges  0x0000000000000000       0x20 ./Core/Src/MDL_buttons.o
 .debug_ranges  0x0000000000000020       0x28 ./Core/Src/MDL_dispenser.o
 .debug_ranges  0x0000000000000048       0x10 ./Core/Src/gpio.o
 .debug_ranges  0x0000000000000058       0x20 ./Core/Src/main.o
 .debug_ranges  0x0000000000000078       0x10 ./Core/Src/stm32f4xx_hal_msp.o
 .debug_ranges  0x0000000000000088       0x50 ./Core/Src/stm32f4xx_it.o
 .debug_ranges  0x00000000000000d8       0x18 ./Core/Src/system_stm32f4xx.o
 .debug_ranges  0x00000000000000f0       0x20 ./Core/Startup/startup_stm32f429zitx.o
 .debug_ranges  0x0000000000000110       0xf0 ./Drivers/STM32F4xx_HAL_Driver/Src/stm32f4xx_hal.o
 .debug_ranges  0x0000000000000200      0x108 ./Drivers/STM32F4xx_HAL_Driver/Src/stm32f4xx_hal_cortex.o
 .debug_ranges  0x0000000000000308       0x48 ./Drivers/STM32F4xx_HAL_Driver/Src/stm32f4xx_hal_gpio.o
 .debug_ranges  0x0000000000000350       0x78 ./Drivers/STM32F4xx_HAL_Driver/Src/stm32f4xx_hal_rcc.o

.debug_macro    0x0000000000000000    0x21a5b
 .debug_macro   0x0000000000000000      0x1db ./Core/Src/MDL_buttons.o
 .debug_macro   0x00000000000001db      0xa78 ./Core/Src/MDL_buttons.o
 .debug_macro   0x0000000000000c53      0x28f ./Core/Src/MDL_buttons.o
 .debug_macro   0x0000000000000ee2       0x2e ./Core/Src/MDL_buttons.o
 .debug_macro   0x0000000000000f10       0x28 ./Core/Src/MDL_buttons.o
 .debug_macro   0x0000000000000f38       0x22 ./Core/Src/MDL_buttons.o
 .debug_macro   0x0000000000000f5a       0x8e ./Core/Src/MDL_buttons.o
 .debug_macro   0x0000000000000fe8       0x51 ./Core/Src/MDL_buttons.o
 .debug_macro   0x0000000000001039      0x103 ./Core/Src/MDL_buttons.o
 .debug_macro   0x000000000000113c       0x6a ./Core/Src/MDL_buttons.o
 .debug_macro   0x00000000000011a6      0x1df ./Core/Src/MDL_buttons.o
 .debug_macro   0x0000000000001385       0x1c ./Core/Src/MDL_buttons.o
 .debug_macro   0x00000000000013a1       0x22 ./Core/Src/MDL_buttons.o
 .debug_macro   0x00000000000013c3       0xd9 ./Core/Src/MDL_buttons.o
 .debug_macro   0x000000000000149c     0x102d ./Core/Src/MDL_buttons.o
 .debug_macro   0x00000000000024c9      0x11f ./Core/Src/MDL_buttons.o
 .debug_macro   0x00000000000025e8    0x17fc0 ./Core/Src/MDL_buttons.o
 .debug_macro   0x000000000001a5a8       0x6d ./Core/Src/MDL_buttons.o
 .debug_macro   0x000000000001a615     0x36f5 ./Core/Src/MDL_buttons.o
 .debug_macro   0x000000000001dd0a      0x174 ./Core/Src/MDL_buttons.o
 .debug_macro   0x000000000001de7e       0x5c ./Core/Src/MDL_buttons.o
 .debug_macro   0x000000000001deda      0xca5 ./Core/Src/MDL_buttons.o
 .debug_macro   0x000000000001eb7f      0x9fe ./Core/Src/MDL_buttons.o
 .debug_macro   0x000000000001f57d      0x115 ./Core/Src/MDL_buttons.o
 .debug_macro   0x000000000001f692      0x156 ./Core/Src/MDL_buttons.o
 .debug_macro   0x000000000001f7e8       0xa5 ./Core/Src/MDL_buttons.o
 .debug_macro   0x000000000001f88d      0x182 ./Core/Src/MDL_buttons.o
 .debug_macro   0x000000000001fa0f      0x287 ./Core/Src/MDL_buttons.o
 .debug_macro   0x000000000001fc96       0x5f ./Core/Src/MDL_buttons.o
 .debug_macro   0x000000000001fcf5      0x236 ./Core/Src/MDL_buttons.o
 .debug_macro   0x000000000001ff2b      0x132 ./Core/Src/MDL_buttons.o
 .debug_macro   0x000000000002005d      0x41d ./Core/Src/MDL_buttons.o
 .debug_macro   0x000000000002047a       0x2e ./Core/Src/MDL_buttons.o
 .debug_macro   0x00000000000204a8      0x11a ./Core/Src/MDL_buttons.o
 .debug_macro   0x00000000000205c2       0xe2 ./Core/Src/MDL_buttons.o
 .debug_macro   0x00000000000206a4       0x89 ./Core/Src/MDL_buttons.o
 .debug_macro   0x000000000002072d      0x134 ./Core/Src/MDL_buttons.o
 .debug_macro   0x0000000000020861       0x16 ./Core/Src/MDL_buttons.o
 .debug_macro   0x0000000000020877      0x1d7 ./Core/Src/MDL_dispenser.o
 .debug_macro   0x0000000000020a4e      0x1c4 ./Core/Src/gpio.o
 .debug_macro   0x0000000000020c12      0x1d1 ./Core/Src/main.o
 .debug_macro   0x0000000000020de3      0x1ba ./Core/Src/stm32f4xx_hal_msp.o
 .debug_macro   0x0000000000020f9d      0x1c4 ./Core/Src/stm32f4xx_it.o
 .debug_macro   0x0000000000021161      0x1b0 ./Core/Src/system_stm32f4xx.o
 .debug_macro   0x0000000000021311      0x210 ./Drivers/STM32F4xx_HAL_Driver/Src/stm32f4xx_hal.o
 .debug_macro   0x0000000000021521      0x1b0 ./Drivers/STM32F4xx_HAL_Driver/Src/stm32f4xx_hal_cortex.o
 .debug_macro   0x00000000000216d1      0x1b6 ./Drivers/STM32F4xx_HAL_Driver/Src/stm32f4xx_hal_gpio.o
 .debug_macro   0x0000000000021887      0x1d4 ./Drivers/STM32F4xx_HAL_Driver/Src/stm32f4xx_hal_rcc.o

.debug_line     0x0000000000000000     0x6a04
 .debug_line    0x0000000000000000      0x870 ./Core/Src/MDL_buttons.o
 .debug_line    0x0000000000000870      0x7fe ./Core/Src/MDL_dispenser.o
 .debug_line    0x000000000000106e      0x79a ./Core/Src/gpio.o
 .debug_line    0x0000000000001808      0x806 ./Core/Src/main.o
 .debug_line    0x000000000000200e      0x782 ./Core/Src/stm32f4xx_hal_msp.o
 .debug_line    0x0000000000002790      0x845 ./Core/Src/stm32f4xx_it.o
 .debug_line    0x0000000000002fd5      0x804 ./Core/Src/system_stm32f4xx.o
 .debug_line    0x00000000000037d9       0x88 ./Core/Startup/startup_stm32f429zitx.o
 .debug_line    0x0000000000003861      0xaa0 ./Drivers/STM32F4xx_HAL_Driver/Src/stm32f4xx_hal.o
 .debug_line    0x0000000000004301      0xd19 ./Drivers/STM32F4xx_HAL_Driver/Src/stm32f4xx_hal_cortex.o
 .debug_line    0x000000000000501a      0xc06 ./Drivers/STM32F4xx_HAL_Driver/Src/stm32f4xx_hal_gpio.o
 .debug_line    0x0000000000005c20      0xde4 ./Drivers/STM32F4xx_HAL_Driver/Src/stm32f4xx_hal_rcc.o

.debug_str      0x0000000000000000    0xcaf3b
 .debug_str     0x0000000000000000    0xc9710 ./Core/Src/MDL_buttons.o
                                      0xc99a1 (size before relaxing)
 .debug_str     0x00000000000c9710       0x83 ./Core/Src/MDL_dispenser.o
                                      0xc9939 (size before relaxing)
 .debug_str     0x00000000000c9793      0x181 ./Core/Src/gpio.o
                                      0xc99dd (size before relaxing)
 .debug_str     0x00000000000c9914      0x1c3 ./Core/Src/main.o
                                      0xc9b49 (size before relaxing)
 .debug_str     0x00000000000c9ad7       0x2c ./Core/Src/stm32f4xx_hal_msp.o
                                      0xc9912 (size before relaxing)
 .debug_str     0x00000000000c9b03       0xc9 ./Core/Src/stm32f4xx_it.o
                                      0xc9885 (size before relaxing)
 .debug_str     0x00000000000c9bcc       0xdb ./Core/Src/system_stm32f4xx.o
                                      0xc99c2 (size before relaxing)
 .debug_str     0x00000000000c9ca7       0x36 ./Core/Startup/startup_stm32f429zitx.o
                                         0x74 (size before relaxing)
 .debug_str     0x00000000000c9cdd      0xba6 ./Drivers/STM32F4xx_HAL_Driver/Src/stm32f4xx_hal.o
                                      0xca5e5 (size before relaxing)
 .debug_str     0x00000000000ca883      0x365 ./Drivers/STM32F4xx_HAL_Driver/Src/stm32f4xx_hal_cortex.o
                                      0xca2ca (size before relaxing)
 .debug_str     0x00000000000cabe8      0x120 ./Drivers/STM32F4xx_HAL_Driver/Src/stm32f4xx_hal_gpio.o
                                      0xc9b3d (size before relaxing)
 .debug_str     0x00000000000cad08      0x233 ./Drivers/STM32F4xx_HAL_Driver/Src/stm32f4xx_hal_rcc.o
                                      0xc9df6 (size before relaxing)

.comment        0x0000000000000000       0x50
 .comment       0x0000000000000000       0x50 ./Core/Src/MDL_buttons.o
                                         0x51 (size before relaxing)
 .comment       0x0000000000000050       0x51 ./Core/Src/MDL_dispenser.o
 .comment       0x0000000000000050       0x51 ./Core/Src/gpio.o
 .comment       0x0000000000000050       0x51 ./Core/Src/main.o
 .comment       0x0000000000000050       0x51 ./Core/Src/stm32f4xx_hal_msp.o
 .comment       0x0000000000000050       0x51 ./Core/Src/stm32f4xx_it.o
 .comment       0x0000000000000050       0x51 ./Core/Src/system_stm32f4xx.o
 .comment       0x0000000000000050       0x51 ./Drivers/STM32F4xx_HAL_Driver/Src/stm32f4xx_hal.o
 .comment       0x0000000000000050       0x51 ./Drivers/STM32F4xx_HAL_Driver/Src/stm32f4xx_hal_cortex.o
 .comment       0x0000000000000050       0x51 ./Drivers/STM32F4xx_HAL_Driver/Src/stm32f4xx_hal_gpio.o
 .comment       0x0000000000000050       0x51 ./Drivers/STM32F4xx_HAL_Driver/Src/stm32f4xx_hal_rcc.o

.debug_frame    0x0000000000000000     0x10a0
 .debug_frame   0x0000000000000000       0x80 ./Core/Src/MDL_buttons.o
 .debug_frame   0x0000000000000080       0x98 ./Core/Src/MDL_dispenser.o
 .debug_frame   0x0000000000000118       0x34 ./Core/Src/gpio.o
 .debug_frame   0x000000000000014c       0x68 ./Core/Src/main.o
 .debug_frame   0x00000000000001b4       0x38 ./Core/Src/stm32f4xx_hal_msp.o
 .debug_frame   0x00000000000001ec      0x104 ./Core/Src/stm32f4xx_it.o
 .debug_frame   0x00000000000002f0       0x58 ./Core/Src/system_stm32f4xx.o
 .debug_frame   0x0000000000000348      0x3b4 ./Drivers/STM32F4xx_HAL_Driver/Src/stm32f4xx_hal.o
 .debug_frame   0x00000000000006fc      0x498 ./Drivers/STM32F4xx_HAL_Driver/Src/stm32f4xx_hal_cortex.o
 .debug_frame   0x0000000000000b94      0x14c ./Drivers/STM32F4xx_HAL_Driver/Src/stm32f4xx_hal_gpio.o
 .debug_frame   0x0000000000000ce0      0x1f4 ./Drivers/STM32F4xx_HAL_Driver/Src/stm32f4xx_hal_rcc.o
 .debug_frame   0x0000000000000ed4       0x2c c:/program files/stmicroelectronics/stm32cubeide_1.11.0/stm32cubeide/plugins/com.st.stm32cube.ide.mcu.externaltools.gnu-tools-for-stm32.10.3-2021.10.win32_1.0.100.202210260954/tools/bin/../lib/gcc/arm-none-eabi/10.3.1/../../../../arm-none-eabi/lib/thumb/v7e-m+fp/hard\libc_nano.a(lib_a-init.o)
 .debug_frame   0x0000000000000f00       0x20 c:/program files/stmicroelectronics/stm32cubeide_1.11.0/stm32cubeide/plugins/com.st.stm32cube.ide.mcu.externaltools.gnu-tools-for-stm32.10.3-2021.10.win32_1.0.100.202210260954/tools/bin/../lib/gcc/arm-none-eabi/10.3.1/../../../../arm-none-eabi/lib/thumb/v7e-m+fp/hard\libc_nano.a(lib_a-memset.o)
 .debug_frame   0x0000000000000f20       0xac c:/program files/stmicroelectronics/stm32cubeide_1.11.0/stm32cubeide/plugins/com.st.stm32cube.ide.mcu.externaltools.gnu-tools-for-stm32.10.3-2021.10.win32_1.0.100.202210260954/tools/bin/../lib/gcc/arm-none-eabi/10.3.1/thumb/v7e-m+fp/hard\libgcc.a(_arm_addsubdf3.o)
 .debug_frame   0x0000000000000fcc       0x50 c:/program files/stmicroelectronics/stm32cubeide_1.11.0/stm32cubeide/plugins/com.st.stm32cube.ide.mcu.externaltools.gnu-tools-for-stm32.10.3-2021.10.win32_1.0.100.202210260954/tools/bin/../lib/gcc/arm-none-eabi/10.3.1/thumb/v7e-m+fp/hard\libgcc.a(_arm_muldivdf3.o)
 .debug_frame   0x000000000000101c       0x24 c:/program files/stmicroelectronics/stm32cubeide_1.11.0/stm32cubeide/plugins/com.st.stm32cube.ide.mcu.externaltools.gnu-tools-for-stm32.10.3-2021.10.win32_1.0.100.202210260954/tools/bin/../lib/gcc/arm-none-eabi/10.3.1/thumb/v7e-m+fp/hard\libgcc.a(_arm_fixunsdfsi.o)
 .debug_frame   0x0000000000001040       0x2c c:/program files/stmicroelectronics/stm32cubeide_1.11.0/stm32cubeide/plugins/com.st.stm32cube.ide.mcu.externaltools.gnu-tools-for-stm32.10.3-2021.10.win32_1.0.100.202210260954/tools/bin/../lib/gcc/arm-none-eabi/10.3.1/thumb/v7e-m+fp/hard\libgcc.a(_aeabi_uldivmod.o)
 .debug_frame   0x000000000000106c       0x34 c:/program files/stmicroelectronics/stm32cubeide_1.11.0/stm32cubeide/plugins/com.st.stm32cube.ide.mcu.externaltools.gnu-tools-for-stm32.10.3-2021.10.win32_1.0.100.202210260954/tools/bin/../lib/gcc/arm-none-eabi/10.3.1/thumb/v7e-m+fp/hard\libgcc.a(_udivmoddi4.o)
