stm32f4xx_hal_msp.c:63:6:HAL_MspInit	16	static
stm32f4xx_hal_msp.c:87:6:HAL_DMA2D_MspInit	24	static
stm32f4xx_hal_msp.c:109:6:HAL_DMA2D_MspDeInit	16	static
stm32f4xx_hal_msp.c:131:6:HAL_I2C_MspInit	48	static
stm32f4xx_hal_msp.c:175:6:HAL_I2C_MspDeInit	16	static
stm32f4xx_hal_msp.c:206:6:HAL_LTDC_MspInit	112	static
stm32f4xx_hal_msp.c:329:6:HAL_LTDC_MspDeInit	16	static
stm32f4xx_hal_msp.c:391:6:HAL_SPI_MspInit	48	static
stm32f4xx_hal_msp.c:428:6:HAL_SPI_MspDeInit	16	static
stm32f4xx_hal_msp.c:454:13:HAL_FMC_MspInit	32	static
stm32f4xx_hal_msp.c:560:6:HAL_SDRAM_MspInit	16	static
stm32f4xx_hal_msp.c:572:13:HAL_FMC_MspDeInit	8	static
stm32f4xx_hal_msp.c:646:6:HAL_SDRAM_MspDeInit	16	static
