../Core/Src/MDL_sensors.c:31:6:MDL_sensors_init	16	static
../Core/Src/MDL_sensors.c:51:6:MDL_sensors_handler	8	static,ignoring_inline_asm
../Core/Src/MDL_sensors.c:92:6:sensors_calibrateSensors	16	static
../Core/Src/MDL_sensors.c:105:6:sensors_calculateCurrentDataForCalibration	16	static
../Core/Src/MDL_sensors.c:118:6:sensors_determineIfSensorsDetectedObject	16	static
../Core/Src/MDL_sensors.c:134:6:sensors_checkSensorState	16	static
../Core/Src/MDL_sensors.c:151:6:sensors_calculateCurrentData	16	static
../Core/Src/MDL_sensors.c:168:6:HAL_ADC_ConvCpltCallback	16	static
